AUTOMATE:
	STATES:
		q0
		q1
		stok
	START:
		
	END:
		q1
	ALPHABET:
		"(0)"
		"1"
	FUNCTION:
		['q0', '"(0)"', 'q1']
		['q0', '"1"', 'q0']
		['q1', '"(0)"', 'stok']
		['q1', '"1"', 'q1']
		['stok', '"(0)"', 'stok']
		['stok', '"1"', 'stok']
ERROR: start is empty
